// Jest Snapshot v1, https://goo.gl/fbAQLP

exports[`文件列表正确 1`] = `
Array [
  ".editorconfig",
  ".gitattributes",
  ".gitignore",
  "README.md",
  "config/dev.js",
  "config/index.js",
  "config/prod.js",
  "global.d.ts",
  "package.json",
  "project.config.json",
  "sitemap.json",
  "src/app.scss",
  "src/app.tsx",
  "src/assets/index.ts",
  "src/component.ts",
  "src/components/Icon/index.scss",
  "src/components/Icon/index.tsx",
  "src/components/Page/index.scss",
  "src/components/Page/index.tsx",
  "src/components/index.ts",
  "src/pages/Home/Index.scss",
  "src/pages/Home/Index.tsx",
  "src/pages/index.ts",
  "src/services/ListContainer.ts",
  "src/services/index.ts",
  "src/settings.scss",
  "src/store/example.ts",
  "src/store/index.ts",
  "src/utils.ts",
  "tsconfig.json",
  "yarn.lock",
]
`;
